// Jest Snapshot v1, https://goo.gl/fbAQLP

exports[`LogInForm should render correctly 1`] = `
<div>
  <h3>
    Log In
  </h3>
  <form
    onSubmit={[Function]}
  >
    <label
      htmlFor="email"
    >
      Email: 
    </label>
    <input
      name="email"
      onChange={[Function]}
      type="email"
      value="nariroh@gmail.com"
    />
    <br />
    <label
      htmlFor="password"
    >
      Password: 
    </label>
    <input
      name="password"
      onChange={[Function]}
      type="password"
      value="password2"
    />
    <br />
    <button
      disabled={false}
      type="submit"
    >
      Log In
    </button>
  </form>
</div>
`;
