// Jest Snapshot v1, https://goo.gl/fbAQLP

exports[`Registration Form should render correctly 1`] = `
<div>
  <h3>
    Create an account
  </h3>
  <form
    onSubmit={[Function]}
  >
    <label
      htmlFor="name"
    >
      Name: 
    </label>
    <input
      name="name"
      onChange={[Function]}
      type="text"
      value="Jethro"
    />
    <br />
    <label
      htmlFor="email"
    >
      Email: 
    </label>
    <input
      name="email"
      onChange={[Function]}
      type="email"
      value="jethro@gmail.com"
    />
    <br />
    <label
      htmlFor="handle"
    >
      Handle: 
    </label>
    <input
      name="handle"
      onChange={[Function]}
      placeholder="Example: @i_am_jerry"
      type="text"
      value="iamjethro"
    />
    <br />
    <label
      htmlFor="password"
    >
      Password: 
    </label>
    <input
      name="password"
      onChange={[Function]}
      type="password"
      value="password1"
    />
    <br />
    <label
      htmlFor="confirmPassword"
    >
      Confirm Password: 
    </label>
    <input
      name="confirmPassword"
      onChange={[Function]}
      type="password"
      value="password1"
    />
    <br />
    <button
      disabled={false}
      type="submit"
    >
      Create Account
    </button>
  </form>
</div>
`;
